2244004
24880144
4787344
2377764
5760000
1236544
11874916
640000
586756
2471184
272484
1196836
5846724
454276
318096
BURST!!!
