1592644
799236
48400
72900
41396356
6330256
1628176
2149156
7420176
902500
26896
2560000
24285184
11833600
2944656
10227204
1988100
20466576
4665600
4822416
46656
11249316
6360484
58767556
364816
853776
10404
19044
29584
11505664
565504
3247204
394384
2114116
576
3161284
478864
2274064
198916
7452900
456976
4235364
26244
12236004
309136
228484
992016
384400
7214596
1517824
1488400
16384
32126224
3312400
3534400
274576
3136
21696964
12124324
17189316
1674436
15054400
781456
9935104
28281124
18939904
409600
50466816
12802084
813604
51076
6969600
55696
976144
401956
99856
1567504
396900
41616
427716
627264
379456
16384
16941456
3564544
4605316
1205604
952576
2414916
3196944
268324
1024144
2408704
4955076
38416
568516
3111696
39337984
7160976
6081156
33856
11902500
8100
3027600
8352100
980100
39162564
451584
7333264
298116
5856400
5184
11682724
695556
14017536
336400
1188100
24960016
767376
478864
40602384
9784384
11236
14500864
6906384
2566404
14182756
84100
944784
BURST!!!
