2788900
1597696
550564
2137444
2768896
2256004
8868484
30492484
107584
18818244
60000516
1094116
407044
10265616
1218816
23658496
1267876
1304164
9461776
1052676
2500
913936
60746436
46656
8398404
586756
22014864
490000
161604
327184
806404
18438436
3709476
8464
213444
274576
224676
24780484
47472100
1304164
7376656
20164
37161216
9659664
5943844
391876
2446096
13191424
9634816
207936
10329796
5184
16679056
813604
BURST!!!
