1865109195348100
12503310144004
1707198333604
12245422427716
201965879560900
382901692879876
4159739727936
383299336993024
126387015871204
1343450179447236
178285517569600
324390717722500
231286670604544
209974068592324
177740037558724
599252382855424
38441810421316
579125380120576
81368662529764
648881167137316
570941108851876
229540642816
963869514877504
942053128237456
2352348553032256
13785804629776
55163448384100
696197459886916
1464440283216036
158998330178116
4563717873796
810870502220944
65869222500
373406850292644
161439640692100
355435458176016
3264858692879364
471870077184
157102509674916
881982370483344
514435018945600
6232801847364
201053342531584
704806286083344
83292673696324
BURST!!!
