35824007619856
5196998089483264
198178427587396
2503565694756
24294094641216
125277339165696
1274627805724900
264308712365476
1133000850966084
406956465078244
3282017749956
126961468927524
676516666684356
5041946903184
26236318179600
1215876172181056
381042005796
3077610593344
298021388783616
265877287393536
1336988063524
BURST!!!
