386745105578896
501088762240144
29695110259684
628158680852836
27209785690000
2169861855314176
676238597049744
229987384900
707971082891076
425350035968256
65754875487844
682598914040836
158484028833936
3871079524
26805677856400
513027030010000
193669862907024
252652360181764
123300859144464
170759556250000
60016380856576
28001623222336
318091488016
2369232845154756
35385556427776
388092836805184
1394373658896
32263558730404
1086643624061284
4397316732484
1358322867906624
2344298850561600
4681052453476
15951365015056
582600658442884
1333754078277604
79267397594176
5989717622146756
87972431527044
559120263484176
1304853859204
249458080354564
831781015896996
60940692828304
51015249110016
655898529786256
213513057271396
58915817840896
5406394136450596
175769366902416
1375918394703876
207193454254656
151053538867456
610051863795984
23310066802500
155715058645056
33773904187024
1478386351044100
132034945497316
BURST!!!
